INTEGER test of STACK, simple
items: ||
items: |1,4,2,3|
items: [3,2,4,1,3,2,4,1]
items: [3,2,4,1,3,2,4,1,3,2,4,1,[4]]
items: |4,2,3,1,4,2,3,1,4,2,3|
items: |2,3,1,4,2,3,1,4,2,3|
items: |3,1,4,2,3,1,4,2,3|
items: |1,4,2,3,1,4,2,3|
size: 8
