INTEGER test of QUEUE, simple
items: <>
items: <3,2,4,1>
items: (3,2,4,1,3,2,4,1)
items: (3,2,4,1,3,2,4,1,3,2,4,1,(4))
items: <3,2,4,1,3,2,4,1,3,2,4>
items: <3,2,4,1,3,2,4,1,3,2>
items: <3,2,4,1,3,2,4,1,3>
items: <3,2,4,1,3,2,4,1>
size: 8
