INTEGER test of CDA, insertions and deletions at front
items: ((1))
items: (32,140,81,3,24,44,36,103,17,33,121,133,114,151,105,55,64,108,69,86,148,69,70,19,150,87,72,137,114,7,7,29,116,36,122,75,27,3,137,39,75,126,28,61,89,153,141,132,113,0,18,129,74,139,103,13,126,66,132,87,45,124,63,43,11,119,93,144,83,13,11,16,38,28,(182))
size is 74
items: (26,13,111,79,137,116,50,34,151,144,59,3,69,77,36,146,62,50,139,90,67,59,79,23,132,123,9,60,75,88,118,103,31,32,140,81,3,24,44,36,103,17,33,121,133,114,151,105,55,64,108,69,86,148,69,70,19,150,87,72,137,114,7,7,29,116,36,122,75,27,3,137,39,75,126,28,61,89,153,141,132,113,0,18,129,74,139,103,13,126,66,132,87,45,124,63,43,11,119,93,144,83,13,11,16,38,28,(149))
size is 107
