INTEGER test of CDA, simple
items: ((1))
items: (4,3,2,1,(0))
items: (4,3,2,4,1,3,2,1)
items: (4,2,4,1,3,2,1)
items: (4,2,4,1,3,2)
items: (2,4,1,3,2)
items: (4,1,3,2)
size: 4
