BST:
0: 6(6)X
1: 5(6)L 11(6)R
2: 1(5)L 9(11)L 12(11)R
3: =3(1)R =7(9)L =13(12)R
debug (in-order): [[[1 [3]] 5] 6 [[[7] 9] 11 [12 [13]]]]
debug (pre-order): [6 [5 [1 [3]]] [11 [9 [7]] [12 [13]]]]
debug (post-order): [[[[3] 1] 5] [[[7] 9] [[13] 12] 11] 6]
size is 9
BST:
0: 3(3)X
1: =1(3)L =9(3)R
debug (in-order): [[1] 3 [9]]
debug (pre-order): [3 [1] [9]]
debug (post-order): [[1] [9] 3]
size is 3
Nodes: 3
Minimum depth: 1
Maximum depth: 1
