BST:
0: 16(16)X
1: 13(16)L 152(16)R
2: 4(13)L =15(13)R 55(152)L 165(152)R
3: 7(4)R 25(55)L 58(55)R 160(165)L 178(165)R
4: 8(7)R 20(25)L 30(25)R 56(58)L 94(58)R 153(160)L 161(160)R 167(178)L 192(178)R
5: 12(8)R 17(20)L 21(20)R 26(30)L 44(30)R =57(56)R 72(94)L 135(94)R 158(153)R 162(161)R =166(167)L 174(167)R 180(192)L 193(192)R
6: =9(12)L =19(17)R 23(21)R 27(26)R 39(44)L 48(44)R 69(72)L 85(72)R 98(135)L 151(135)R 157(158)L 163(162)R 170(174)L 177(174)R =179(180)L 187(180)R 197(193)R
7: =22(23)L =29(27)R 33(39)L 40(39)R =45(48)L 50(48)R 64(69)L 78(85)L 91(85)R 95(98)L 122(98)R 139(151)L 155(157)L =164(163)R =169(170)L 172(170)R =175(177)L 184(187)L =190(187)R =194(197)L
8: 32(33)L =37(33)R 41(40)R =49(50)L 63(64)L 68(64)R 77(78)L 82(78)R 89(91)L =96(95)R 103(122)L 124(122)R =136(139)L 141(139)R =156(155)R =173(172)R 182(184)L
9: =31(32)L =42(41)R 61(63)L =65(68)L =73(77)L 79(82)L =84(82)R =90(89)R =102(103)L 113(103)R =123(124)L 133(124)R =140(141)L 146(141)R =183(182)R
10: =59(61)L =62(61)R 81(79)R 109(113)L 121(113)R 125(133)L =150(146)R
11: =80(81)L 107(109)L 110(109)R 114(121)L 130(125)R
12: =106(107)L =108(107)R =112(110)R 116(114)R =128(130)L
13: =118(116)R
debug (in-order): [[[4 [7 [8 [[9] 12]]]] 13 [15]] 16 [[[[[17 [19]] 20 [21 [[22] 23]]] 25 [[26 [27 [29]]] 30 [[[[[31] 32] 33 [37]] 39 [40 [41 [42]]]] 44 [[45] 48 [[49] 50]]]]] 55 [[56 [57]] 58 [[[[[[[59] 61 [62]] 63] 64 [[65] 68]] 69] 72 [[[[73] 77] 78 [[79 [[80] 81]] 82 [84]]] 85 [[89 [90]] 91]]] 94 [[[95 [96]] 98 [[[102] 103 [[[[106] 107 [108]] 109 [110 [112]]] 113 [[114 [116 [118]]] 121]]] 122 [[123] 124 [[125 [[128] 130]] 133]]]] 135 [[[136] 139 [[140] 141 [146 [150]]]] 151]]]]] 152 [[[153 [[[155 [156]] 157] 158]] 160 [161 [162 [163 [164]]]]] 165 [[[166] 167 [[[169] 170 [172 [173]]] 174 [[175] 177]]] 178 [[[179] 180 [[[182 [183]] 184] 187 [190]]] 192 [193 [[194] 197]]]]]]]
debug (pre-order): [16 [13 [4 [7 [8 [12 [9]]]]] [15]] [152 [55 [25 [20 [17 [19]] [21 [23 [22]]]] [30 [26 [27 [29]]] [44 [39 [33 [32 [31]] [37]] [40 [41 [42]]]] [48 [45] [50 [49]]]]]] [58 [56 [57]] [94 [72 [69 [64 [63 [61 [59] [62]]] [68 [65]]]] [85 [78 [77 [73]] [82 [79 [81 [80]]] [84]]] [91 [89 [90]]]]] [135 [98 [95 [96]] [122 [103 [102] [113 [109 [107 [106] [108]] [110 [112]]] [121 [114 [116 [118]]]]]] [124 [123] [133 [125 [130 [128]]]]]]] [151 [139 [136] [141 [140] [146 [150]]]]]]]]] [165 [160 [153 [158 [157 [155 [156]]]]] [161 [162 [163 [164]]]]] [178 [167 [166] [174 [170 [169] [172 [173]]] [177 [175]]]] [192 [180 [179] [187 [184 [182 [183]]] [190]]] [193 [197 [194]]]]]]]]
debug (post-order): [[[[[[[9] 12] 8] 7] 4] [15] 13] [[[[[[19] 17] [[[22] 23] 21] 20] [[[[29] 27] 26] [[[[[31] 32] [37] 33] [[[42] 41] 40] 39] [[45] [[49] 50] 48] 44] 30] 25] [[[57] 56] [[[[[[[59] [62] 61] 63] [[65] 68] 64] 69] [[[[73] 77] [[[[80] 81] 79] [84] 82] 78] [[[90] 89] 91] 85] 72] [[[[96] 95] [[[102] [[[[106] [108] 107] [[112] 110] 109] [[[[118] 116] 114] 121] 113] 103] [[123] [[[[128] 130] 125] 133] 124] 122] 98] [[[136] [[140] [[150] 146] 141] 139] 151] 135] 94] 58] 55] [[[[[[[156] 155] 157] 158] 153] [[[[164] 163] 162] 161] 160] [[[166] [[[169] [[173] 172] 170] [[175] 177] 174] 167] [[[179] [[[[183] 182] 184] [190] 187] 180] [[[194] 197] 193] 192] 178] 165] 152] 16]
size is 122
BST:
0: 16(16)X
1: 12(16)L 152(16)R
2: 7(12)L 49(152)L 164(152)R
3: =8(7)R 22(49)L 62(49)R =163(164)L 177(164)R
4: =17(22)L 29(22)R 89(62)R 167(177)L 184(177)R
5: 44(29)R =64(89)L 135(89)R =172(167)R 179(184)L =197(184)R
6: 32(44)L 48(44)R 103(135)L 150(135)R =182(179)R
7: =41(32)R =45(48)L 121(103)R =146(150)L
8: 106(121)L 123(121)R
9: 113(106)R =125(123)R
10: 110(113)L
11: =112(110)R
debug (in-order): [[[7 [8]] 12] 16 [[[[17] 22 [29 [[32 [41]] 44 [[45] 48]]]] 49 [62 [[64] 89 [[103 [[106 [[110 [112]] 113]] 121 [123 [125]]]] 135 [[146] 150]]]]] 152 [[163] 164 [[167 [172]] 177 [[179 [182]] 184 [197]]]]]]
debug (pre-order): [16 [12 [7 [8]]] [152 [49 [22 [17] [29 [44 [32 [41]] [48 [45]]]]] [62 [89 [64] [135 [103 [121 [106 [113 [110 [112]]]] [123 [125]]]] [150 [146]]]]]] [164 [163] [177 [167 [172]] [184 [179 [182]] [197]]]]]]
debug (post-order): [[[[8] 7] 12] [[[[17] [[[[41] 32] [[45] 48] 44] 29] 22] [[[64] [[[[[[[112] 110] 113] 106] [[125] 123] 121] 103] [[146] 150] 135] 89] 62] 49] [[163] [[[172] 167] [[[182] 179] [197] 184] 177] 164] 152] 16]
size is 37
Nodes: 37
Minimum depth: 1
Maximum depth: 11
