INTEGER test of CDA, unions
test size is 1964
p items: ((1))
p items: ((1))
p items: ((1))
q items: (displaying first and last 100 elements)
721 1744 1494 1590 1247 1558 969 708 85 1671 213 1693 433 340 1084 1804 355 584 95 962 388 468 1076 1853 1142 641 1757 1413 1219 368 1576 1282 1018 849 1730 367 1784 867 575 601 1238 884 160 1693 1374 1580 275 1850 1252 1917 1471 1687 821 96 979 413 886 1829 586 423 1536 547 1274 1196 659 1640 1304 658 1227 146 29 1369 1699 36 1854 947 464 424 1106 1357 328 450 1268 1078 1592 1701 285 852 1594 1816 28 586 753 549 1960 119 1739 1601 183 1320 ... 11 249 442 1310 1287 1007 1720 1218 1163 1764 989 1411 1880 1476 1186 757 1266 1012 1385 787 476 1491 261 31 1180 725 1616 1360 1303 1073 755 1185 1285 1121 493 836 752 975 1102 773 18 1850 1331 89 1909 826 70 992 1501 1564 1588 60 492 800 1326 1391 1049 1304 1074 437 1409 653 738 400 1865 1369 1859 760 1566 176 702 1284 1859 1424 364 685 1384 1724 1016 1430 845 1496 14 1700 74 1114 1097 530 1169 328 1607 919 16 730 53 264 1068 1009 427 451

p size is 0
q size is 3928
p items: ((1))
q items: (displaying first and last 100 elements)
452 1564 1514 1728 647 1838 1424 1196 1398 1880 265 1227 895 1013 1480 1441 1682 404 1409 1426 263 672 921 14 1702 144 1648 285 757 487 1891 1628 1841 1623 1083 1625 230 1067 984 1763 617 947 564 765 746 1840 1429 461 1116 1461 1509 805 1034 1839 274 143 37 1090 1434 785 1171 1874 1614 1822 1049 372 1521 57 779 32 682 1047 1955 97 497 1066 1723 727 18 1356 124 1840 907 344 457 1857 473 958 385 859 1075 1784 1598 798 606 1292 1191 846 1198 99 ... 1102 463 773 611 241 360 18 669 1482 1850 1331 89 1909 1152 826 70 206 1302 1928 1257 411 992 1501 1564 1588 60 492 800 1326 1391 1049 1304 902 1074 437 580 1409 1316 653 738 400 1865 1369 1859 217 760 1306 1566 891 176 377 702 1284 1748 1859 423 1424 364 685 1540 1384 140 965 1317 1724 1016 1430 1681 845 1496 14 337 1700 74 1114 1097 1638 530 1476 1169 328 1607 1228 1769 919 1279 16 730 53 264 1068 1009 44 1499 974 9 1221 427 1181 451

p size is 0
q size is 7856
