INTEGER test of GST, mixed insertions and deletions
size is 1839
Duplicates: 1517
Nodes: 1839
Minimum depth: 3
Maximum depth: 23
GST:
0: 2998<2>(2998<2>)X
1: 1140(2998<2>)L 3079<2>(2998<2>)R
2: 918(1140)L 2108(1140)R =3066<4>(3079<2>)L =3125(3079<2>)R
3: 331<2>(918)L =1031(918)R 1688(2108)L 2441<2>(2108)R
4: 310<5>(331<2>)L 440<2>(331<2>)R 1597(1688)L 1722<2>(1688)R 2774(2441<2>)R
5: 97(310<5>)L 792<2>(440<2>)R 1388(1597)L 1682(1597)R =2041<4>(1722<2>)R 2652(2774)L 2867<3>(2774)R
6: =74<2>(97)L 187(97)R 781(792<2>)L 855(792<2>)R 1483(1388)R =1676(1682)L 2587<2>(2652)L 2685<2>(2652)R 2863(2867<3>)L =2926(2867<3>)R
7: 231(187)R =683(781)L 832(855)L 1530<2>(1483)R 2484<2>(2587<2>)L 2600<2>(2587<2>)R =2677<3>(2685<2>)L =2752(2685<2>)R =2822(2863)L
8: 207(231)L =814<2>(832)L 1541(1530<2>)R =2525(2484<2>)R =2616(2600<2>)R
9: =206<2>(207)L =1589<3>(1541)R
debug: [[[[[[[74<2>] 97 [187 [[[206<2>] 207] 231]]] 310<5>] 331<2> [440<2> [[[683] 781] 792<2> [[[814<2>] 832] 855]]]] 918 [1031]] 1140 [[[[1388 [1483 [1530<2> [1541 [1589<3>]]]]] 1597 [[1676] 1682]] 1688 [1722<2> [2041<4>]]] 2108 [2441<2> [[[[2484<2> [2525]] 2587<2> [2600<2> [2616]]] 2652 [[2677<3>] 2685<2> [2752]]] 2774 [[[2822] 2863] 2867<3> [2926]]]]]] 2998<2> [[3066<4>] 3079<2> [3125]]]
debug: [2998<2> [1140 [918 [331<2> [310<5> [97 [74<2>] [187 [231 [207 [206<2>]]]]]] [440<2> [792<2> [781 [683]] [855 [832 [814<2>]]]]]] [1031]] [2108 [1688 [1597 [1388 [1483 [1530<2> [1541 [1589<3>]]]]] [1682 [1676]]] [1722<2> [2041<4>]]] [2441<2> [2774 [2652 [2587<2> [2484<2> [2525]] [2600<2> [2616]]] [2685<2> [2677<3>] [2752]]] [2867<3> [2863 [2822]] [2926]]]]]] [3079<2> [3066<4>] [3125]]]
debug: [[[[[[[74<2>] [[[[206<2>] 207] 231] 187] 97] 310<5>] [[[[683] 781] [[[814<2>] 832] 855] 792<2>] 440<2>] 331<2>] [1031] 918] [[[[[[[[1589<3>] 1541] 1530<2>] 1483] 1388] [[1676] 1682] 1597] [[2041<4>] 1722<2>] 1688] [[[[[[2525] 2484<2>] [[2616] 2600<2>] 2587<2>] [[2677<3>] [2752] 2685<2>] 2652] [[[2822] 2863] [2926] 2867<3>] 2774] 2441<2>] 2108] 1140] [[3066<4>] [3125] 3079<2>] 2998<2>]
size is 49
Duplicates: 31
Nodes: 49
Minimum depth: 2
Maximum depth: 9
