INTEGER test of GST, mixed insertions and deletions
size is 1841
Duplicates: 1495
Nodes: 1841
Minimum depth: 3
Maximum depth: 23
GST:
0: 249(249)X
1: 219<2>(249)L 365<5>(249)R
2: 79<2>(219<2>)L 358<2>(365<5>)L 3099(365<5>)R
3: 186<2>(79<2>)R 338(358<2>)L 1608<2>(3099)L 3207(3099)R
4: =196<2>(186<2>)R =354(338)R 980(1608<2>)L 1838<2>(1608<2>)R 3307<2>(3207)R
5: 885<2>(980)L 1197(980)R 1684(1838<2>)L 2281(1838<2>)R 3209(3307<2>)L
6: 683(885<2>)L 1079<2>(1197)L 1410(1197)R =1648<2>(1684)L 2068(2281)L 2962(2281)R =3274(3209)R
7: 666(683)L 851<5>(683)R =1142<2>(1079<2>)R =1401<2>(1410)L 1511<2>(1410)R 1963(2068)L 2101<2>(2068)R 2350(2962)L 2991(2962)R
8: 600(666)L 770<2>(851<5>)L =1506(1511<2>)L =1569<2>(1511<2>)R =1987(1963)R =2256(2101<2>)R 2948(2350)R 3082<2>(2991)R
9: =497<2>(600)L 825(770<2>)R 2613<2>(2948)L =3061(3082<2>)L
10: =805<2>(825)L 2511(2613<2>)L 2728(2613<2>)R
11: 2488<3>(2511)L =2573(2511)R 2647<3>(2728)L =2944<2>(2728)R
12: 2420(2488<3>)L 2699(2647<3>)R
13: 2452(2420)R =2715<3>(2699)R
14: =2441(2452)L
debug: [[[79<2> [186<2> [196<2>]]] 219<2>] 249 [[[338 [354]] 358<2>] 365<5> [[[[[[[[497<2>] 600] 666] 683 [[770<2> [[805<2>] 825]] 851<5>]] 885<2>] 980 [[1079<2> [1142<2>]] 1197 [[1401<2>] 1410 [[1506] 1511<2> [1569<2>]]]]] 1608<2> [[[1648<2>] 1684] 1838<2> [[[1963 [1987]] 2068 [2101<2> [2256]]] 2281 [[2350 [[[[[2420 [[2441] 2452]] 2488<3>] 2511 [2573]] 2613<2> [[2647<3> [2699 [2715<3>]]] 2728 [2944<2>]]] 2948]] 2962 [2991 [[3061] 3082<2>]]]]]] 3099 [3207 [[3209 [3274]] 3307<2>]]]]]
debug: [249 [219<2> [79<2> [186<2> [196<2>]]]] [365<5> [358<2> [338 [354]]] [3099 [1608<2> [980 [885<2> [683 [666 [600 [497<2>]]] [851<5> [770<2> [825 [805<2>]]]]]] [1197 [1079<2> [1142<2>]] [1410 [1401<2>] [1511<2> [1506] [1569<2>]]]]] [1838<2> [1684 [1648<2>]] [2281 [2068 [1963 [1987]] [2101<2> [2256]]] [2962 [2350 [2948 [2613<2> [2511 [2488<3> [2420 [2452 [2441]]]] [2573]] [2728 [2647<3> [2699 [2715<3>]]] [2944<2>]]]]] [2991 [3082<2> [3061]]]]]]] [3207 [3307<2> [3209 [3274]]]]]]]
debug: [[[[[196<2>] 186<2>] 79<2>] 219<2>] [[[[354] 338] 358<2>] [[[[[[[[497<2>] 600] 666] [[[[805<2>] 825] 770<2>] 851<5>] 683] 885<2>] [[[1142<2>] 1079<2>] [[1401<2>] [[1506] [1569<2>] 1511<2>] 1410] 1197] 980] [[[1648<2>] 1684] [[[[1987] 1963] [[2256] 2101<2>] 2068] [[[[[[[[[2441] 2452] 2420] 2488<3>] [2573] 2511] [[[[2715<3>] 2699] 2647<3>] [2944<2>] 2728] 2613<2>] 2948] 2350] [[[3061] 3082<2>] 2991] 2962] 2281] 1838<2>] 1608<2>] [[[[3274] 3209] 3307<2>] 3207] 3099] 365<5>] 249]
size is 60
Duplicates: 36
Nodes: 60
Minimum depth: 1
Maximum depth: 14
