INTEGER test of RBT, mixed insertions and deletions
size is 17928
Duplicates: 14406
Nodes: 17928
Minimum depth: 10
Maximum depth: 17
RBT:
0: 13134(13134)X
1: 7372(13134)L 20105<2>(13134)R
2: 3976(7372)L 9708<2>(7372)R 16369(20105<2>)L 25816*<2>(20105<2>)R
3: 1430<3>(3976)L 6232*(3976)R 8263*<3>(9708<2>)L 11686(9708<2>)R 15252(16369)L 18463<3>(16369)R 22949<2>(25816*<2>)L 29557(25816*<2>)R
4: 1103*(1430<3>)L 3521(1430<3>)R 4576(6232*)L 6933(6232*)R 7932<2>(8263*<3>)L 8716(8263*<3>)R 10637(11686)L 12356(11686)R 14714(15252)L 15903*<2>(15252)R 17940*(18463<3>)L 19458(18463<3>)R 21354<2>(22949<2>)L 24562<2>(22949<2>)R 28237(29557)L 30617(29557)R
5: 603<2>(1103*)L 1314(1103*)R 2369*(3521)L 3708(3521)R 4123<2>(4576)L 5417(4576)R 6693(6933)L 6970(6933)R 7606(7932<2>)L 8174(7932<2>)R 8683<2>(8716)L 9218(8716)R =10257(10637)L 11413*<2>(10637)R 12246<2>(12356)L 13030(12356)R 14283(14714)L =14935(14714)R 15651<3>(15903*<2>)L 16139<2>(15903*<2>)R 16943<3>(17940*)L 18080<2>(17940*)R =19434(19458)L 19740*(19458)R 20733<2>(21354<2>)L 22403*(21354<2>)R 23700(24562<2>)L 25685<4>(24562<2>)R 27139(28237)L 28821<2>(28237)R 30172<2>(30617)L 31671(30617)R
6: 540<2>(603<2>)L =975<2>(603<2>)R =1295(1314)L =1372<4>(1314)R =2161(2369*)L 2693(2369*)R =3599*<2>(3708)L =4118(4123<2>)L 4449<2>(4123<2>)R =5096(5417)L 6090*<2>(5417)R =6634(6693)L =6702<2>(6693)R =6959(6970)L =7198<5>(6970)R =7529<2>(7606)L 7665<3>(7606)R =8150(8174)L =8245(8174)R =8461<2>(8683<2>)L =8692<2>(8683<2>)R 9110<2>(9218)L 9477*(9218)R =10998<3>(11413*<2>)L =11576(11413*<2>)R =12063*<3>(12246<2>)L =12878*(13030)L =14447*<2>(14283)R =15510(15651<3>)L =15855<4>(15651<3>)R =16056(16139<2>)L =16231<2>(16139<2>)R 16711(16943<3>)L 17342<2>(16943<3>)R =18050(18080<2>)L =18193(18080<2>)R =19689(19740*)L =19900(19740*)R 20461(20733<2>)L 20811*<3>(20733<2>)R 21998(22403*)L 22772(22403*)R =23411(23700)L 23885*(23700)R =25430(25685<4>)L =25748(25685<4>)R 26199(27139)L =27984(27139)R 28561*(28821<2>)L 29255(28821<2>)R 29894(30172<2>)L 30590*<2>(30172<2>)R =31180(31671)L =32225(31671)R
7: =133*<2>(540<2>)L =2675*(2693)L =4415*<2>(4449<2>)L =5728<2>(6090*<2>)L =6145<2>(6090*<2>)R =7659*(7665<3>)L =9173*<2>(9110<2>)R 9466(9477*)L =9606(9477*)R =16569*(16711)L =17904*(17342<2>)R =20672*(20461)R =20769(20811*<3>)L 21259(20811*<3>)R 21695*<2>(21998)L =22254<2>(21998)R =22726(22772)L =22913(22772)R =23835(23885*)L =24402(23885*)R =27030*(26199)R =28546(28561*)L =28713<2>(28561*)R =29234*(29255)L =30115*(29894)R =30340(30590*<2>)L =30594<3>(30590*<2>)R
8: =9469*<2>(9466)R =21324*<3>(21259)R =21617(21695*<2>)L =21725<2>(21695*<2>)R
debug: [[[[[[[[133*<2>] 540<2>] 603<2> [975<2>]] 1103* [[1295] 1314 [1372<4>]]] 1430<3> [[[2161] 2369* [[2675*] 2693]] 3521 [[3599*<2>] 3708]]] 3976 [[[[4118] 4123<2> [[4415*<2>] 4449<2>]] 4576 [[5096] 5417 [[5728<2>] 6090*<2> [6145<2>]]]] 6232* [[[6634] 6693 [6702<2>]] 6933 [[6959] 6970 [7198<5>]]]]] 7372 [[[[[7529<2>] 7606 [[7659*] 7665<3>]] 7932<2> [[8150] 8174 [8245]]] 8263*<3> [[[8461<2>] 8683<2> [8692<2>]] 8716 [[9110<2> [9173*<2>]] 9218 [[9466 [9469*<2>]] 9477* [9606]]]]] 9708<2> [[[10257] 10637 [[10998<3>] 11413*<2> [11576]]] 11686 [[[12063*<3>] 12246<2>] 12356 [[12878*] 13030]]]]] 13134 [[[[[14283 [14447*<2>]] 14714 [14935]] 15252 [[[15510] 15651<3> [15855<4>]] 15903*<2> [[16056] 16139<2> [16231<2>]]]] 16369 [[[[[16569*] 16711] 16943<3> [17342<2> [17904*]]] 17940* [[18050] 18080<2> [18193]]] 18463<3> [[19434] 19458 [[19689] 19740* [19900]]]]] 20105<2> [[[[[20461 [20672*]] 20733<2> [[20769] 20811*<3> [21259 [21324*<3>]]]] 21354<2> [[[[21617] 21695*<2> [21725<2>]] 21998 [22254<2>]] 22403* [[22726] 22772 [22913]]]] 22949<2> [[[23411] 23700 [[23835] 23885* [24402]]] 24562<2> [[25430] 25685<4> [25748]]]] 25816*<2> [[[[26199 [27030*]] 27139 [27984]] 28237 [[[28546] 28561* [28713<2>]] 28821<2> [[29234*] 29255]]] 29557 [[[29894 [30115*]] 30172<2> [[30340] 30590*<2> [30594<3>]]] 30617 [[31180] 31671 [32225]]]]]]]
debug: [13134 [7372 [3976 [1430<3> [1103* [603<2> [540<2> [133*<2>]] [975<2>]] [1314 [1295] [1372<4>]]] [3521 [2369* [2161] [2693 [2675*]]] [3708 [3599*<2>]]]] [6232* [4576 [4123<2> [4118] [4449<2> [4415*<2>]]] [5417 [5096] [6090*<2> [5728<2>] [6145<2>]]]] [6933 [6693 [6634] [6702<2>]] [6970 [6959] [7198<5>]]]]] [9708<2> [8263*<3> [7932<2> [7606 [7529<2>] [7665<3> [7659*]]] [8174 [8150] [8245]]] [8716 [8683<2> [8461<2>] [8692<2>]] [9218 [9110<2> [9173*<2>]] [9477* [9466 [9469*<2>]] [9606]]]]] [11686 [10637 [10257] [11413*<2> [10998<3>] [11576]]] [12356 [12246<2> [12063*<3>]] [13030 [12878*]]]]]] [20105<2> [16369 [15252 [14714 [14283 [14447*<2>]] [14935]] [15903*<2> [15651<3> [15510] [15855<4>]] [16139<2> [16056] [16231<2>]]]] [18463<3> [17940* [16943<3> [16711 [16569*]] [17342<2> [17904*]]] [18080<2> [18050] [18193]]] [19458 [19434] [19740* [19689] [19900]]]]] [25816*<2> [22949<2> [21354<2> [20733<2> [20461 [20672*]] [20811*<3> [20769] [21259 [21324*<3>]]]] [22403* [21998 [21695*<2> [21617] [21725<2>]] [22254<2>]] [22772 [22726] [22913]]]] [24562<2> [23700 [23411] [23885* [23835] [24402]]] [25685<4> [25430] [25748]]]] [29557 [28237 [27139 [26199 [27030*]] [27984]] [28821<2> [28561* [28546] [28713<2>]] [29255 [29234*]]]] [30617 [30172<2> [29894 [30115*]] [30590*<2> [30340] [30594<3>]]] [31671 [31180] [32225]]]]]]]
debug: [[[[[[[[133*<2>] 540<2>] [975<2>] 603<2>] [[1295] [1372<4>] 1314] 1103*] [[[2161] [[2675*] 2693] 2369*] [[3599*<2>] 3708] 3521] 1430<3>] [[[[4118] [[4415*<2>] 4449<2>] 4123<2>] [[5096] [[5728<2>] [6145<2>] 6090*<2>] 5417] 4576] [[[6634] [6702<2>] 6693] [[6959] [7198<5>] 6970] 6933] 6232*] 3976] [[[[[7529<2>] [[7659*] 7665<3>] 7606] [[8150] [8245] 8174] 7932<2>] [[[8461<2>] [8692<2>] 8683<2>] [[[9173*<2>] 9110<2>] [[[9469*<2>] 9466] [9606] 9477*] 9218] 8716] 8263*<3>] [[[10257] [[10998<3>] [11576] 11413*<2>] 10637] [[[12063*<3>] 12246<2>] [[12878*] 13030] 12356] 11686] 9708<2>] 7372] [[[[[[14447*<2>] 14283] [14935] 14714] [[[15510] [15855<4>] 15651<3>] [[16056] [16231<2>] 16139<2>] 15903*<2>] 15252] [[[[[16569*] 16711] [[17904*] 17342<2>] 16943<3>] [[18050] [18193] 18080<2>] 17940*] [[19434] [[19689] [19900] 19740*] 19458] 18463<3>] 16369] [[[[[[20672*] 20461] [[20769] [[21324*<3>] 21259] 20811*<3>] 20733<2>] [[[[21617] [21725<2>] 21695*<2>] [22254<2>] 21998] [[22726] [22913] 22772] 22403*] 21354<2>] [[[23411] [[23835] [24402] 23885*] 23700] [[25430] [25748] 25685<4>] 24562<2>] 22949<2>] [[[[[27030*] 26199] [27984] 27139] [[[28546] [28713<2>] 28561*] [[29234*] 29255] 28821<2>] 28237] [[[[30115*] 29894] [[30340] [30594<3>] 30590*<2>] 30172<2>] [[31180] [32225] 31671] 30617] 29557] 25816*<2>] 20105<2>] 13134]
size is 148
Duplicates: 77
Nodes: 148
Minimum depth: 5
Maximum depth: 8
