INTEGER test of RBT, mixed insertions and deletions
size is 17915
Duplicates: 14285
Nodes: 17915
Minimum depth: 10
Maximum depth: 17
RBT:
0: 20155(20155)X
1: 10698*(20155)L 27565(20155)R
2: 5935(10698*)L 15342(10698*)R 22721<3>(27565)L 30470<4>(27565)R
3: 2575(5935)L 7631<3>(5935)R 13274<2>(15342)L 17590<3>(15342)R 21550<2>(22721<3>)L 24093*(22721<3>)R 29296(30470<4>)L 31983(30470<4>)R
4: 1219<2>(2575)L 4515*(2575)R 6722<2>(7631<3>)L 9545<3>(7631<3>)R 12381*(13274<2>)L 14185(13274<2>)R 16246(17590<3>)L 19309(17590<3>)R 20867(21550<2>)L 21733<6>(21550<2>)R 23327<3>(24093*)L 26542<2>(24093*)R 28477*<2>(29296)L 29671(29296)R 31402(31983)L 32574*(31983)R
5: 655(1219<2>)L 1455(1219<2>)R 3199(4515*)L 5315(4515*)R 6378(6722<2>)L 7344(6722<2>)R 8780*<2>(9545<3>)L 10055(9545<3>)R 11616(12381*)L 12939<3>(12381*)R 13732(14185)L 14581<3>(14185)R 15849(16246)L 16921*(16246)R 18299(19309)L 19664(19309)R 20733(20867)L 21481(20867)R =21637<2>(21733<6>)L 21957(21733<6>)R 22993(23327<3>)L 23668<2>(23327<3>)R 25355*<3>(26542<2>)L 27261<4>(26542<2>)R 28027(28477*<2>)L 29184(28477*<2>)R 29465*(29671)L =30373(29671)R 31162*<2>(31402)L 31693(31402)R 32377<3>(32574*)L 32652<2>(32574*)R
6: =208(655)L =688(655)R =1347<2>(1455)L =2067(1455)R 3183(3199)L 4141(3199)R 5059(5315)L 5481<3>(5315)R =6143(6378)L =6691(6378)R =7220(7344)L =7593<2>(7344)R 8287(8780*<2>)L 9173(8780*<2>)R 9865*<4>(10055)L 10534(10055)R 11242(11616)L 12053<2>(11616)R 12924<2>(12939<3>)L 13245<4>(12939<3>)R =13342<2>(13732)L =14098(13732)R =14540<3>(14581<3>)L =14887<3>(14581<3>)R 15645*(15849)L 16096<2>(15849)R 16590(16921*)L 17360(16921*)R 17997*<2>(18299)L 19023<2>(18299)R =19469(19664)L 20048*(19664)R =20303*(20733)L =21510*<2>(21481)R =21918*(21957)L 22962<2>(22993)L 23144*(22993)R =23453<2>(23668<2>)L =24069(23668<2>)R 24860<3>(25355*<3>)L 25784<2>(25355*<3>)R =27122<2>(27261<4>)L 27395*(27261<4>)R 27666<2>(28027)L =28422<4>(28027)R =28740(29184)L =29293(29184)R =29394(29465*)L =29618<2>(29465*)R =31093<3>(31162*<2>)L 31270(31162*<2>)R =31664*<2>(31693)L =32176<2>(32377<3>)L =32534(32377<3>)R =32610<2>(32652<2>)L 33126*(32652<2>)R
7: 3011<2>(3183)L =3195(3183)R =3815<2>(4141)L 4292*(4141)R =4936(5059)L =5314<2>(5059)R =5467<2>(5481<3>)L 5718(5481<3>)R 8262(8287)L 8523(8287)R =8987<6>(9173)L 9359<3>(9173)R =9743(9865*<4>)L =10013(9865*<4>)R =10641*(10534)R =11082<2>(11242)L =11350(11242)R =11967<2>(12053<2>)L 12339<3>(12053<2>)R =12809<2>(12924<2>)L =12931(12924<2>)R =13150(13245<4>)L =13268(13245<4>)R =15551(15645*)L =15712(15645*)R =16155*<2>(16096<2>)R =16327(16590)L =16895<2>(16590)R =17268(17360)L =17418<2>(17360)R =17836<2>(17997*<2>)L =18209<5>(17997*<2>)R =18809*<3>(19023<2>)L =19938(20048*)L =20111<2>(20048*)R =22922*(22962<2>)L =23044(23144*)L =23224(23144*)R =24391(24860<3>)L =25027(24860<3>)R =25622(25784<2>)L =26310(25784<2>)R =27390(27395*)L =27477(27395*)R =27897*<2>(27666<2>)R =31210*(31270)L =33105(33126*)L =33147(33126*)R
8: =2869*<2>(3011<2>)L =4188<2>(4292*)L =4372<2>(4292*)R =5735*(5718)R =8278*(8262)R =8515*<2>(8523)L =9326*(9359<3>)L =12331*(12339<3>)L
debug: [[[[[[[208] 655 [688]] 1219<2> [[1347<2>] 1455 [2067]]] 2575 [[[[[2869*<2>] 3011<2>] 3183 [3195]] 3199 [[3815<2>] 4141 [[4188<2>] 4292* [4372<2>]]]] 4515* [[[4936] 5059 [5314<2>]] 5315 [[5467<2>] 5481<3> [5718 [5735*]]]]]] 5935 [[[[6143] 6378 [6691]] 6722<2> [[7220] 7344 [7593<2>]]] 7631<3> [[[[8262 [8278*]] 8287 [[8515*<2>] 8523]] 8780*<2> [[8987<6>] 9173 [[9326*] 9359<3>]]] 9545<3> [[[9743] 9865*<4> [10013]] 10055 [10534 [10641*]]]]]] 10698* [[[[[[11082<2>] 11242 [11350]] 11616 [[11967<2>] 12053<2> [[12331*] 12339<3>]]] 12381* [[[12809<2>] 12924<2> [12931]] 12939<3> [[13150] 13245<4> [13268]]]] 13274<2> [[[13342<2>] 13732 [14098]] 14185 [[14540<3>] 14581<3> [14887<3>]]]] 15342 [[[[[15551] 15645* [15712]] 15849 [16096<2> [16155*<2>]]] 16246 [[[16327] 16590 [16895<2>]] 16921* [[17268] 17360 [17418<2>]]]] 17590<3> [[[[17836<2>] 17997*<2> [18209<5>]] 18299 [[18809*<3>] 19023<2>]] 19309 [[19469] 19664 [[19938] 20048* [20111<2>]]]]]]] 20155 [[[[[[20303*] 20733] 20867 [21481 [21510*<2>]]] 21550<2> [[21637<2>] 21733<6> [[21918*] 21957]]] 22721<3> [[[[[22922*] 22962<2>] 22993 [[23044] 23144* [23224]]] 23327<3> [[23453<2>] 23668<2> [24069]]] 24093* [[[[24391] 24860<3> [25027]] 25355*<3> [[25622] 25784<2> [26310]]] 26542<2> [[27122<2>] 27261<4> [[27390] 27395* [27477]]]]]] 27565 [[[[[27666<2> [27897*<2>]] 28027 [28422<4>]] 28477*<2> [[28740] 29184 [29293]]] 29296 [[[29394] 29465* [29618<2>]] 29671 [30373]]] 30470<4> [[[[31093<3>] 31162*<2> [[31210*] 31270]] 31402 [[31664*<2>] 31693]] 31983 [[[32176<2>] 32377<3> [32534]] 32574* [[32610<2>] 32652<2> [[33105] 33126* [33147]]]]]]]]
debug: [20155 [10698* [5935 [2575 [1219<2> [655 [208] [688]] [1455 [1347<2>] [2067]]] [4515* [3199 [3183 [3011<2> [2869*<2>]] [3195]] [4141 [3815<2>] [4292* [4188<2>] [4372<2>]]]] [5315 [5059 [4936] [5314<2>]] [5481<3> [5467<2>] [5718 [5735*]]]]]] [7631<3> [6722<2> [6378 [6143] [6691]] [7344 [7220] [7593<2>]]] [9545<3> [8780*<2> [8287 [8262 [8278*]] [8523 [8515*<2>]]] [9173 [8987<6>] [9359<3> [9326*]]]] [10055 [9865*<4> [9743] [10013]] [10534 [10641*]]]]]] [15342 [13274<2> [12381* [11616 [11242 [11082<2>] [11350]] [12053<2> [11967<2>] [12339<3> [12331*]]]] [12939<3> [12924<2> [12809<2>] [12931]] [13245<4> [13150] [13268]]]] [14185 [13732 [13342<2>] [14098]] [14581<3> [14540<3>] [14887<3>]]]] [17590<3> [16246 [15849 [15645* [15551] [15712]] [16096<2> [16155*<2>]]] [16921* [16590 [16327] [16895<2>]] [17360 [17268] [17418<2>]]]] [19309 [18299 [17997*<2> [17836<2>] [18209<5>]] [19023<2> [18809*<3>]]] [19664 [19469] [20048* [19938] [20111<2>]]]]]]] [27565 [22721<3> [21550<2> [20867 [20733 [20303*]] [21481 [21510*<2>]]] [21733<6> [21637<2>] [21957 [21918*]]]] [24093* [23327<3> [22993 [22962<2> [22922*]] [23144* [23044] [23224]]] [23668<2> [23453<2>] [24069]]] [26542<2> [25355*<3> [24860<3> [24391] [25027]] [25784<2> [25622] [26310]]] [27261<4> [27122<2>] [27395* [27390] [27477]]]]]] [30470<4> [29296 [28477*<2> [28027 [27666<2> [27897*<2>]] [28422<4>]] [29184 [28740] [29293]]] [29671 [29465* [29394] [29618<2>]] [30373]]] [31983 [31402 [31162*<2> [31093<3>] [31270 [31210*]]] [31693 [31664*<2>]]] [32574* [32377<3> [32176<2>] [32534]] [32652<2> [32610<2>] [33126* [33105] [33147]]]]]]]]
debug: [[[[[[[208] [688] 655] [[1347<2>] [2067] 1455] 1219<2>] [[[[[2869*<2>] 3011<2>] [3195] 3183] [[3815<2>] [[4188<2>] [4372<2>] 4292*] 4141] 3199] [[[4936] [5314<2>] 5059] [[5467<2>] [[5735*] 5718] 5481<3>] 5315] 4515*] 2575] [[[[6143] [6691] 6378] [[7220] [7593<2>] 7344] 6722<2>] [[[[[8278*] 8262] [[8515*<2>] 8523] 8287] [[8987<6>] [[9326*] 9359<3>] 9173] 8780*<2>] [[[9743] [10013] 9865*<4>] [[10641*] 10534] 10055] 9545<3>] 7631<3>] 5935] [[[[[[11082<2>] [11350] 11242] [[11967<2>] [[12331*] 12339<3>] 12053<2>] 11616] [[[12809<2>] [12931] 12924<2>] [[13150] [13268] 13245<4>] 12939<3>] 12381*] [[[13342<2>] [14098] 13732] [[14540<3>] [14887<3>] 14581<3>] 14185] 13274<2>] [[[[[15551] [15712] 15645*] [[16155*<2>] 16096<2>] 15849] [[[16327] [16895<2>] 16590] [[17268] [17418<2>] 17360] 16921*] 16246] [[[[17836<2>] [18209<5>] 17997*<2>] [[18809*<3>] 19023<2>] 18299] [[19469] [[19938] [20111<2>] 20048*] 19664] 19309] 17590<3>] 15342] 10698*] [[[[[[20303*] 20733] [[21510*<2>] 21481] 20867] [[21637<2>] [[21918*] 21957] 21733<6>] 21550<2>] [[[[[22922*] 22962<2>] [[23044] [23224] 23144*] 22993] [[23453<2>] [24069] 23668<2>] 23327<3>] [[[[24391] [25027] 24860<3>] [[25622] [26310] 25784<2>] 25355*<3>] [[27122<2>] [[27390] [27477] 27395*] 27261<4>] 26542<2>] 24093*] 22721<3>] [[[[[[27897*<2>] 27666<2>] [28422<4>] 28027] [[28740] [29293] 29184] 28477*<2>] [[[29394] [29618<2>] 29465*] [30373] 29671] 29296] [[[[31093<3>] [[31210*] 31270] 31162*<2>] [[31664*<2>] 31693] 31402] [[[32176<2>] [32534] 32377<3>] [[32610<2>] [[33105] [33147] 33126*] 32652<2>] 32574*] 31983] 30470<4>] 27565] 20155]
size is 175
Duplicates: 109
Nodes: 175
Minimum depth: 5
Maximum depth: 8
