size is 6374
in-order: [[[[[91 [[[108] 122] 184 [285]]] 386] 388] 622 [908 [934]]] 990 [[[[[1386 [[[[1583 [1665]] 1717] 1812] 1913]] 1927] 1968] 2003 [[[[2330] 2363] 2660] 2789 [[2950] 3002]]] 3031 [[[[3122] 3258] 3306 [[[[[3370] 3479] 3504 [[3730] 3747]] 3864 [[[4253 [4323 [4351]]] 4359 [[[4577] 4635] 4653 [4721]]] 4766 [4960]]] 5001 [[5149 [5294]] 5316 [[5389] 5533 [5656 [5715]]]]]] 5804 [[[[[[[5950] 5957] 5958] 6056] 6057] 6249 [[[[[[6350] 6361] 6475] 6771 [6909]] 6912 [[[[[6975] 7021] 7047 [7160 [7217]]] 7223] 7270]] 7396 [[7570] 7614 [7906 [7947]]]]] 8157 [[[[8166 [8360 [[8392 [8466 [8481]]] 8656 [8755]]]] 8801 [8864]] 8932 [[8986] 9178 [9278]]] 9281 [[[[9421 [9439]] 9475 [9520]] 9542 [[9583 [[9724] 9748]] 9767 [[9891] 9894]]] 9936]]]]]]
level:
0: 990(990)X
1: 622(990)L 3031(990)R
2: 388(622)L 908(622)R 2003(3031)L 5804(3031)R
3: 386(388)L =934(908)R 1968(2003)L 2789(2003)R 3306(5804)L 8157(5804)R
4: 91(386)L 1927(1968)L 2660(2789)L 3002(2789)R 3258(3306)L 5001(3306)R 6249(8157)L 9281(8157)R
5: 184(91)R 1386(1927)L 2363(2660)L =2950(3002)L =3122(3258)L 3864(5001)L 5316(5001)R 6057(6249)L 7396(6249)R 8932(9281)L 9936(9281)R
6: 122(184)L =285(184)R 1913(1386)R =2330(2363)L 3504(3864)L 4766(3864)R 5149(5316)L 5533(5316)R 6056(6057)L 6912(7396)L 7614(7396)R 8801(8932)L 9178(8932)R 9542(9936)L
7: =108(122)L 1812(1913)L 3479(3504)L 3747(3504)R 4359(4766)L =4960(4766)R =5294(5149)R =5389(5533)L 5656(5533)R 5958(6056)L 6771(6912)L 7270(6912)R =7570(7614)L 7906(7614)R 8166(8801)L =8864(8801)R =8986(9178)L =9278(9178)R 9475(9542)L 9767(9542)R
8: 1717(1812)L =3370(3479)L =3730(3747)L 4253(4359)L 4653(4359)R =5715(5656)R 5957(5958)L 6475(6771)L =6909(6771)R 7223(7270)L =7947(7906)R 8360(8166)R 9421(9475)L =9520(9475)R 9583(9767)L 9894(9767)R
9: 1583(1717)L 4323(4253)R 4635(4653)L =4721(4653)R =5950(5957)L 6361(6475)L 7047(7223)L 8656(8360)R =9439(9421)R 9748(9583)R =9891(9894)L
10: =1665(1583)R =4351(4323)R =4577(4635)L =6350(6361)L 7021(7047)L 7160(7047)R 8392(8656)L =8755(8656)R =9724(9748)L
11: =6975(7021)L =7217(7160)R 8466(8392)R
12: =8481(8466)R
size is 106
Nodes: 106
Minimum depth: 2
Maximum depth: 12
