in-order: [[[1 [3]] 5] 6 [[[7] 9] 11 [12 [13]]]]
level:
0: 6(6)X
1: 5(6)L 11(6)R
2: 1(5)L 9(11)L 12(11)R
3: =3(1)R =7(9)L =13(12)R
size is 9
in-order: [[1] 3 [9]]
level:
0: 3(3)X
1: =1(3)L =9(3)R
size is 3
Nodes: 3
Minimum depth: 1
Maximum depth: 1
