size is 6315
in-order: [[[[[42] 130 [297]] 427 [[555] 560 [599]]] 663 [787 [[859 [919]] 967 [[[1153] 1193 [[1308 [[1449 [1475]] 1495]] 1544]] 1556]]]] 1842 [[[[[[[2141] 2278 [2463]] 2474 [[[2683] 2730 [[2770] 2821]] 2900]] 3110 [[3276 [3346]] 3362 [3391]]] 3463 [[[[3518] 3543 [3559 [3616]]] 3647] 3776]] 3944 [[[4093] 4097] 4228]] 4247 [[[[[[[[[4530 [[4535 [4607 [4632]]] 4690 [4771]]] 4808 [5058 [[[5137] 5146] 5152 [5235 [5265]]]]] 5354] 5567 [5626]] 5634 [5851 [5897 [[6010 [[6049] 6080 [6140]]] 6180 [[6240] 6309 [6313]]]]]] 6414] 6421 [[[[6499] 6645] 6846 [[[[7422] 7462 [7575 [[[[7657 [7790 [7791]]] 7817 [7833]] 7882 [7884]] 7888]]] 7924] 7987]] 8249]] 8294 [8385 [8428]]] 8459 [[[8530 [[8594] 8600 [8744]]] 8895 [[[9074 [[9096 [9099]] 9162]] 9195] 9199]] 9255 [[9523 [9559 [[[9728] 9792] 9825]]] 9835 [9854 [[9955] 9987]]]]]]]
level:
0: 1842(1842)X
1: 663(1842)L 4247(1842)R
2: 427(663)L 787(663)R 3944(4247)L 8459(4247)R
3: 130(427)L 560(427)R 967(787)R 3463(3944)L 4228(3944)R 8294(8459)L 9255(8459)R
4: =42(130)L =297(130)R =555(560)L =599(560)R 859(967)L 1556(967)R 3110(3463)L 3776(3463)R 4097(4228)L 6421(8294)L 8385(8294)R 8895(9255)L 9835(9255)R
5: =919(859)R 1193(1556)L 2474(3110)L 3362(3110)R 3647(3776)L =4093(4097)L 6414(6421)L 8249(6421)R =8428(8385)R 8530(8895)L 9199(8895)R 9523(9835)L 9854(9835)R
6: =1153(1193)L 1544(1193)R 2278(2474)L 2900(2474)R 3276(3362)L =3391(3362)R 3543(3647)L 5634(6414)L 6846(8249)L 8600(8530)R 9195(9199)L 9559(9523)R 9987(9854)R
7: 1308(1544)L =2141(2278)L =2463(2278)R 2730(2900)L =3346(3276)R =3518(3543)L 3559(3543)R 5567(5634)L 5851(5634)R 6645(6846)L 7987(6846)R =8594(8600)L =8744(8600)R 9074(9195)L 9825(9559)R =9955(9987)L
8: 1495(1308)R =2683(2730)L 2821(2730)R =3616(3559)R 5354(5567)L =5626(5567)R 5897(5851)R =6499(6645)L 7924(7987)L 9162(9074)R 9792(9825)L
9: 1449(1495)L =2770(2821)L 4808(5354)L 6180(5897)R 7462(7924)L 9096(9162)L =9728(9792)L
10: =1475(1449)R 4530(4808)L 5058(4808)R 6010(6180)L 6309(6180)R =7422(7462)L 7575(7462)R =9099(9096)R
11: 4690(4530)R 5152(5058)R 6080(6010)R =6240(6309)L =6313(6309)R 7888(7575)R
12: 4535(4690)L =4771(4690)R 5146(5152)L 5235(5152)R =6049(6080)L =6140(6080)R 7882(7888)L
13: 4607(4535)R =5137(5146)L =5265(5235)R 7817(7882)L =7884(7882)R
14: =4632(4607)R 7657(7817)L =7833(7817)R
15: 7790(7657)R
16: =7791(7790)R
size is 118
Nodes: 118
Minimum depth: 2
Maximum depth: 16
