REAL test of TNODE, simple
tnode's value: 2.000000
