STRING test of TNODE, simple
tnode's value: three
